// Jest Snapshot v1, https://goo.gl/fbAQLP

exports[`cria um snapshot para o m√©todo sum 1`] = `3`;
